[excavahire.vercel.app/index.html]
[backblue.gif]
[fade.gif]
[index.html]
[excavahire.vercel.app/assets/css/bootstrap-custom.css]
[excavahire.vercel.app/assets/images/favicon.ico]
[cdn.jsdelivr.net/npm/@tabler/icons-webfont@latest/tabler-icons.min.css]
[cdn.jsdelivr.net/npm/swiper@10/swiper-bundle.min.css]
[cdnjs.cloudflare.com/ajax/libs/animate.css/4.1.1/animate.min.css]
[excavahire.vercel.app/assets/css/nice-select2.css]
[cdn.jsdelivr.net/npm/daterangepicker/daterangepicker.css]
[excavahire.vercel.app/assets/css/main.css]
[excavahire.vercel.app/assets/images/logo.png]
[excavahire.vercel.app/assets/images/logo-icon.png]
[excavahire.vercel.app/cart.html]
[excavahire.vercel.app/equipment.html]
[excavahire.vercel.app/collection.html]
[excavahire.vercel.app/about.html]
[excavahire.vercel.app/contact.html]
[excavahire.vercel.app/services.html]
[excavahire.vercel.app/services-details.html]
[excavahire.vercel.app/product-details.html]
[excavahire.vercel.app/information.html]
[excavahire.vercel.app/shipping.html]
[excavahire.vercel.app/payment.html]
[excavahire.vercel.app/order-complete.html]
[excavahire.vercel.app/result.html]
[excavahire.vercel.app/terms.html]
[excavahire.vercel.app/error.html]
[excavahire.vercel.app/assets/images/hero-1.png]
[excavahire.vercel.app/assets/images/hero-2.png]
[excavahire.vercel.app/assets/images/hero-3.png]
[excavahire.vercel.app/assets/images/hero-4.png]
[code.jquery.com/jquery-3.7.1.min.js]
[cdn.jsdelivr.net/momentjs/latest/moment.min.js]
[cdn.jsdelivr.net/npm/daterangepicker/daterangepicker.min.js]
[cdn.jsdelivr.net/npm/swiper@10/swiper-bundle.min.js]
[cdn.jsdelivr.net/npm/bootstrap@5.3.1/dist/js/bootstrap.bundle.min.js]
[cdnjs.cloudflare.com/ajax/libs/wow/1.1.2/wow.min.js]
[excavahire.vercel.app/assets/js/nice-select2.js]
[excavahire.vercel.app/index.html]
[excavahire.vercel.app/assets/css/bootstrap-custom.css]
[excavahire.vercel.app/assets/js/app.js]
[excavahire.vercel.app/index-2.html]
[cdn.jsdelivr.net/npm/@tabler/icons-webfont@latest/fonts/tabler-icons8d6f.eot]
[cdn.jsdelivr.net/npm/@tabler/icons-webfont@latest/fonts/tabler-icons8d6f.woff2]
[cdn.jsdelivr.net/npm/@tabler/icons-webfont@latest/fonts/tabler-iconsd41d.woff]
[cdn.jsdelivr.net/npm/@tabler/icons-webfont@latest/tabler-icons.min.css]
[cdn.jsdelivr.net/npm/swiper@10/swiper-bundle.min.css]
[cdnjs.cloudflare.com/ajax/libs/animate.css/4.1.1/animate.min.css]
[excavahire.vercel.app/assets/css/nice-select2.css]
[cdn.jsdelivr.net/npm/daterangepicker/daterangepicker.css]
[cdn.jsdelivr.net/npm/@tabler/icons-webfont@latest/fonts/tabler-iconsd41d.eot]
[excavahire.vercel.app/assets/images/home-bg.png]
[excavahire.vercel.app/assets/images/product-outline.png]
[cdn.jsdelivr.net/npm/@tabler/icons-webfont@latest/fonts/tabler-icons8d6f.ttf]
[excavahire.vercel.app/assets/images/services.png]
[excavahire.vercel.app/assets/css/main.css]
[excavahire.vercel.app/assets/images/collection-2.png]
[excavahire.vercel.app/assets/images/collection-3.png]
[excavahire.vercel.app/assets/images/visa.png]
[excavahire.vercel.app/assets/images/mastercard.png]
[excavahire.vercel.app/assets/images/verifone.png]
[excavahire.vercel.app/assets/images/discover.png]
[excavahire.vercel.app/assets/images/apple-pay.png]
[excavahire.vercel.app/cart.html]
[excavahire.vercel.app/assets/images/about.png]
[excavahire.vercel.app/equipment.html]
[excavahire.vercel.app/equipment-submission.html]
[cdnjs.cloudflare.com/ajax/libs/magnific-popup.js/1.1.0/magnific-popup.css]
[excavahire.vercel.app/assets/images/collection-1.png]
[excavahire.vercel.app/assets/images/long-arrow.png]
[excavahire.vercel.app/assets/images/collection-5.png]
[excavahire.vercel.app/assets/images/collection-6.png]
[excavahire.vercel.app/assets/images/collection-7.png]
[excavahire.vercel.app/assets/images/collection-8.png]
[excavahire.vercel.app/assets/images/collection-9.png]
[excavahire.vercel.app/assets/images/collection-10.png]
[excavahire.vercel.app/assets/images/video.png]
[excavahire.vercel.app/assets/images/care1.png]
[excavahire.vercel.app/assets/images/care2.png]
[excavahire.vercel.app/assets/images/care3.png]
[cdnjs.cloudflare.com/ajax/libs/magnific-popup.js/1.1.0/jquery.magnific-popup.js]
[excavahire.vercel.app/assets/js/popup.js]
[excavahire.vercel.app/collection.html]
[excavahire.vercel.app/assets/images/about-slider-1.png]
[excavahire.vercel.app/assets/images/about-slider-2.png]
[excavahire.vercel.app/assets/images/about-slider-3.png]
[excavahire.vercel.app/assets/images/about-slider-4.png]
[excavahire.vercel.app/about.html]
[unpkg.com/leaflet@1.9.4/dist/leaflet.css]
[unpkg.com/leaflet@1.9.4/dist/leaflet.js]
[excavahire.vercel.app/assets/js/map.js]
[excavahire.vercel.app/contact.html]
[excavahire.vercel.app/services.html]
[excavahire.vercel.app/assets/images/s-details-1.png]
[excavahire.vercel.app/assets/images/s-details-2.png]
[excavahire.vercel.app/assets/images/s-details-3.png]
[excavahire.vercel.app/assets/images/s-details-4.png]
[excavahire.vercel.app/services-details.html]
[excavahire.vercel.app/assets/images/collection-4.png]
[excavahire.vercel.app/product-details.html]
[excavahire.vercel.app/information.html]
[excavahire.vercel.app/shipping.html]
[excavahire.vercel.app/assets/images/paypal.png]
[excavahire.vercel.app/assets/images/mastercard-visa.png]
[excavahire.vercel.app/payment.html]
[excavahire.vercel.app/assets/images/success.png]
[excavahire.vercel.app/order-complete.html]
[excavahire.vercel.app/result.html]
[excavahire.vercel.app/terms.html]
[excavahire.vercel.app/assets/images/error.png]
[excavahire.vercel.app/error.html]
[excavahire.vercel.app/index-2.html]
[excavahire.vercel.app/equipment-submission.html]
[cdnjs.cloudflare.com/ajax/libs/magnific-popup.js/1.1.0/magnific-popup.css]
[unpkg.com/leaflet@1.9.4/dist/images/layers.png]
[unpkg.com/leaflet@1.9.4/dist/images/layers-2x.png]
[unpkg.com/leaflet@1.9.4/dist/images/marker-icon.png]
[unpkg.com/leaflet@1.9.4/dist/leaflet.css]
[excavahire.vercel.app/assets/images/Arrow2.svg]
